../Core/Src/main.c:74:6:AlarmPeripheral_Init	8	static
../Core/Src/main.c:91:6:AlarmIO_Test	8	static
../Core/Src/main.c:125:5:main	8	static
../Core/Src/main.c:176:6:SystemClock_Config	120	static
../Core/Src/main.c:228:13:MX_ADC1_Init	32	static
../Core/Src/main.c:285:13:MX_I2C1_Init	8	static
../Core/Src/main.c:333:13:MX_TIM1_Init	96	static
../Core/Src/main.c:403:13:MX_TIM2_Init	40	static
../Core/Src/main.c:448:13:MX_TIM6_Init	24	static
../Core/Src/main.c:486:13:MX_USART2_UART_Init	8	static
../Core/Src/main.c:521:13:MX_GPIO_Init	48	static
../Core/Src/main.c:584:6:Error_Handler	4	static,ignoring_inline_asm
