../Core/Src/stm32f3xx_it.c:92:6:NMI_Handler	4	static
../Core/Src/stm32f3xx_it.c:107:6:HardFault_Handler	4	static
../Core/Src/stm32f3xx_it.c:122:6:MemManage_Handler	4	static
../Core/Src/stm32f3xx_it.c:137:6:BusFault_Handler	4	static
../Core/Src/stm32f3xx_it.c:152:6:UsageFault_Handler	4	static
../Core/Src/stm32f3xx_it.c:167:6:SVC_Handler	4	static
../Core/Src/stm32f3xx_it.c:180:6:DebugMon_Handler	4	static
../Core/Src/stm32f3xx_it.c:193:6:PendSV_Handler	4	static
../Core/Src/stm32f3xx_it.c:206:6:SysTick_Handler	8	static
../Core/Src/stm32f3xx_it.c:227:6:EXTI0_IRQHandler	16	static
../Core/Src/stm32f3xx_it.c:282:6:EXTI1_IRQHandler	16	static
../Core/Src/stm32f3xx_it.c:305:6:TIM2_IRQHandler	8	static
../Core/Src/stm32f3xx_it.c:343:6:TIM6_DAC_IRQHandler	8	static
../Core/Src/stm32f3xx_it.c:481:6:Update_Buffer	16	static
../Core/Src/stm32f3xx_it.c:490:6:Generate_Tone	16	static
../Core/Src/stm32f3xx_it.c:502:6:Generate_Silenece	16	static
../Core/Src/stm32f3xx_it.c:506:20:Check_IR_Signal	8	static
