../Core/Src/stm32f3xx_it.c:91:6:NMI_Handler	4	static
../Core/Src/stm32f3xx_it.c:106:6:HardFault_Handler	4	static
../Core/Src/stm32f3xx_it.c:121:6:MemManage_Handler	4	static
../Core/Src/stm32f3xx_it.c:136:6:BusFault_Handler	4	static
../Core/Src/stm32f3xx_it.c:151:6:UsageFault_Handler	4	static
../Core/Src/stm32f3xx_it.c:166:6:SVC_Handler	4	static
../Core/Src/stm32f3xx_it.c:179:6:DebugMon_Handler	4	static
../Core/Src/stm32f3xx_it.c:192:6:PendSV_Handler	4	static
../Core/Src/stm32f3xx_it.c:205:6:SysTick_Handler	8	static
../Core/Src/stm32f3xx_it.c:226:6:EXTI0_IRQHandler	16	static
../Core/Src/stm32f3xx_it.c:278:6:EXTI1_IRQHandler	16	static
../Core/Src/stm32f3xx_it.c:301:6:TIM2_IRQHandler	8	static
../Core/Src/stm32f3xx_it.c:340:6:TIM6_DAC_IRQHandler	8	static
../Core/Src/stm32f3xx_it.c:478:6:Update_Buffer	16	static
../Core/Src/stm32f3xx_it.c:486:6:Generate_Tone	16	static
../Core/Src/stm32f3xx_it.c:498:6:Generate_Silenece	16	static
../Core/Src/stm32f3xx_it.c:502:20:Check_IR_Signal	8	static
